ERC report (2026-06-25T12:07:28, Encoding UTF8)
Report includes: Errors, Warnings

***** Sheet /
[endpoint_off_grid]: Symbol pin or wire end off connection grid
    ; warning
    @(825 mils, 3275 mils): Horizontal Wire, length 150 mils
[endpoint_off_grid]: Symbol pin or wire end off connection grid
    ; warning
    @(825 mils, 3775 mils): Vertical Wire, length 500 mils
[endpoint_off_grid]: Symbol pin or wire end off connection grid
    ; warning
    @(825 mils, 4075 mils): Vertical Wire, length 175 mils
[endpoint_off_grid]: Symbol pin or wire end off connection grid
    ; warning
    @(825 mils, 4075 mils): Symbol R7 Pin 2 [Passive, Line]
[endpoint_off_grid]: Symbol pin or wire end off connection grid
    ; warning
    @(825 mils, 4250 mils): Horizontal Wire, length 75 mils
[endpoint_off_grid]: Symbol pin or wire end off connection grid
    ; warning
    @(1425 mils, 4050 mils): Symbol R8 Pin 2 [Passive, Line]
[endpoint_off_grid]: Symbol pin or wire end off connection grid
    ; warning
    @(1200 mils, 4050 mils): Horizontal Wire, length 225 mils
[endpoint_off_grid]: Symbol pin or wire end off connection grid
    ; warning
    @(1725 mils, 4050 mils): Horizontal Wire, length 200 mils
[endpoint_off_grid]: Symbol pin or wire end off connection grid
    ; warning
    @(1925 mils, 4050 mils): Vertical Wire, length 100 mils
[endpoint_off_grid]: Symbol pin or wire end off connection grid
    ; warning
    @(1925 mils, 4050 mils): Horizontal Wire, length 200 mils
[endpoint_off_grid]: Symbol pin or wire end off connection grid
    ; warning
    @(1925 mils, 4450 mils): Symbol R9 Pin 2 [Passive, Line]
[endpoint_off_grid]: Symbol pin or wire end off connection grid
    ; warning
    @(1925 mils, 4450 mils): Symbol #PWR06 Pin 1 [Power input, Line]
[endpoint_off_grid]: Symbol pin or wire end off connection grid
    ; warning
    @(1200 mils, 4450 mils): Horizontal Wire, length 725 mils
[endpoint_off_grid]: Symbol pin or wire end off connection grid
    ; warning
    @(2375 mils, 1475 mils): Vertical Wire, length 100 mils
[endpoint_off_grid]: Symbol pin or wire end off connection grid
    ; warning
    @(2375 mils, 1475 mils): Horizontal Wire, length 75 mils
[endpoint_off_grid]: Symbol pin or wire end off connection grid
    ; warning
    @(2375 mils, 1575 mils): Symbol U1 Pin JP6_4 [VCC_1, Power input, Line]
[endpoint_off_grid]: Symbol pin or wire end off connection grid
    ; warning
    @(2375 mils, 2575 mils): Horizontal Wire, length 575 mils
[endpoint_off_grid]: Symbol pin or wire end off connection grid
    ; warning
    @(2375 mils, 2675 mils): Horizontal Wire, length 500 mils
[endpoint_off_grid]: Symbol pin or wire end off connection grid
    ; warning
    @(2375 mils, 2775 mils): Horizontal Wire, length 825 mils
[endpoint_off_grid]: Symbol pin or wire end off connection grid
    ; warning
    @(2375 mils, 3275 mils): Horizontal Wire, length 300 mils
[endpoint_off_grid]: Symbol pin or wire end off connection grid
    ; warning
    @(2375 mils, 3475 mils): Vertical Wire, length 100 mils
[endpoint_off_grid]: Symbol pin or wire end off connection grid
    ; warning
    @(2375 mils, 3575 mils): Vertical Wire, length 100 mils
[endpoint_off_grid]: Symbol pin or wire end off connection grid
    ; warning
    @(2375 mils, 3675 mils): Vertical Wire, length 100 mils
[endpoint_off_grid]: Symbol pin or wire end off connection grid
    ; warning
    @(2375 mils, 3775 mils): Symbol #FLG03 Pin 1 [Power output, Line]
[endpoint_off_grid]: Symbol pin or wire end off connection grid
    ; warning
    @(2450 mils, 1350 mils): Vertical Wire, length 125 mils
[endpoint_off_grid]: Symbol pin or wire end off connection grid
    ; warning
    @(2675 mils, 3275 mils): Vertical Wire, length 275 mils
[endpoint_off_grid]: Symbol pin or wire end off connection grid
    ; warning
    @(2675 mils, 3550 mils): Symbol R4 Pin 2 [Passive, Line]
[endpoint_off_grid]: Symbol pin or wire end off connection grid
    ; warning
    @(2675 mils, 3850 mils): Symbol D3 Pin 2 [A, Passive, Line]
[endpoint_off_grid]: Symbol pin or wire end off connection grid
    ; warning
    @(2675 mils, 4150 mils): Symbol #PWR04 Pin 1 [Power input, Line]
[endpoint_off_grid]: Symbol pin or wire end off connection grid
    ; warning
    @(2750 mils, 1350 mils): Vertical Wire, length 125 mils
[endpoint_off_grid]: Symbol pin or wire end off connection grid
    ; warning
    @(2750 mils, 1475 mils): Horizontal Wire, length 100 mils
[endpoint_off_grid]: Symbol pin or wire end off connection grid
    ; warning
    @(2750 mils, 1475 mils): Vertical Wire, length 2000 mils
[endpoint_off_grid]: Symbol pin or wire end off connection grid
    ; warning
    @(2750 mils, 3475 mils): Horizontal Wire, length 375 mils
[endpoint_off_grid]: Symbol pin or wire end off connection grid
    ; warning
    @(2850 mils, 1475 mils): Symbol #PWR02 Pin 1 [Power input, Line]
[endpoint_off_grid]: Symbol pin or wire end off connection grid
    ; warning
    @(2875 mils, 2675 mils): Vertical Wire, length 300 mils
[endpoint_off_grid]: Symbol pin or wire end off connection grid
    ; warning
    @(2875 mils, 2975 mils): Horizontal Wire, length 75 mils
[endpoint_off_grid]: Symbol pin or wire end off connection grid
    ; warning
    @(2950 mils, 2275 mils): Vertical Wire, length 300 mils
[endpoint_off_grid]: Symbol pin or wire end off connection grid
    ; warning
    @(2950 mils, 2975 mils): Symbol C2 Pin 1 [Passive, Line]
[endpoint_off_grid]: Symbol pin or wire end off connection grid
    ; warning
    @(2950 mils, 2975 mils): Horizontal Wire, length 450 mils
[endpoint_off_grid]: Symbol pin or wire end off connection grid
    ; warning
    @(2950 mils, 3275 mils): Symbol #PWR03 Pin 1 [Power input, Line]
[endpoint_off_grid]: Symbol pin or wire end off connection grid
    ; warning
    @(3200 mils, 2275 mils): Vertical Wire, length 500 mils
[endpoint_off_grid]: Symbol pin or wire end off connection grid
    ; warning
    @(3400 mils, 2975 mils): Horizontal Wire, length 375 mils
[endpoint_off_grid]: Symbol pin or wire end off connection grid
    ; warning
    @(3400 mils, 3350 mils): Vertical Wire, length 175 mils
[endpoint_off_grid]: Symbol pin or wire end off connection grid
    ; warning
    @(3400 mils, 3175 mils): Vertical Wire, length 200 mils
[endpoint_off_grid]: Symbol pin or wire end off connection grid
    ; warning
    @(3675 mils, 3175 mils): Horizontal Wire, length 275 mils
[endpoint_off_grid]: Symbol pin or wire end off connection grid
    ; warning
    @(3675 mils, 3350 mils): Vertical Wire, length 175 mils
[endpoint_off_grid]: Symbol pin or wire end off connection grid
    ; warning
    @(3675 mils, 3650 mils): Symbol D2 Pin 1 [K, Passive, Line]
[endpoint_off_grid]: Symbol pin or wire end off connection grid
    ; warning
    @(4075 mils, 2975 mils): Symbol R1 Pin 2 [Passive, Line]
[endpoint_off_grid]: Symbol pin or wire end off connection grid
    ; warning
    @(4200 mils, 2975 mils): Horizontal Wire, length 300 mils
[endpoint_off_grid]: Symbol pin or wire end off connection grid
    ; warning
    @(4200 mils, 2975 mils): Horizontal Wire, length 125 mils
[endpoint_off_grid]: Symbol pin or wire end off connection grid
    ; warning
    @(4200 mils, 3025 mils): Symbol R2 Pin 2 [Passive, Line]
[endpoint_off_grid]: Symbol pin or wire end off connection grid
    ; warning
    @(4200 mils, 3025 mils): Vertical Wire, length 50 mils
[endpoint_off_grid]: Symbol pin or wire end off connection grid
    ; warning
    @(4500 mils, 2975 mils): Vertical Wire, length 50 mils
[endpoint_off_grid]: Symbol pin or wire end off connection grid
    ; warning
    @(4500 mils, 3025 mils): Symbol R3 Pin 2 [Passive, Line]
[endpoint_off_grid]: Symbol pin or wire end off connection grid
    ; warning
    @(5800 mils, 1300 mils): Vertical Wire, length 175 mils
[endpoint_off_grid]: Symbol pin or wire end off connection grid
    ; warning
    @(5800 mils, 1125 mils): Horizontal Wire, length 25 mils
[endpoint_off_grid]: Symbol pin or wire end off connection grid
    ; warning
    @(5800 mils, 1825 mils): Vertical Wire, length 225 mils
[endpoint_off_grid]: Symbol pin or wire end off connection grid
    ; warning
    @(5825 mils, 1125 mils): Symbol #PWR05 Pin 1 [Power input, Line]
[endpoint_off_grid]: Symbol pin or wire end off connection grid
    ; warning
    @(6050 mils, 1925 mils): Horizontal Wire, length 1375 mils
[endpoint_off_grid]: Symbol pin or wire end off connection grid
    ; warning
    @(6050 mils, 1600 mils): Vertical Wire, length 325 mils
[endpoint_off_grid]: Symbol pin or wire end off connection grid
    ; warning
    @(6325 mils, 2325 mils): Symbol TP1 Pin 1 [1, Passive, Line]
[endpoint_off_grid]: Symbol pin or wire end off connection grid
    ; warning
    @(6525 mils, 1300 mils): Vertical Wire, length 75 mils
[endpoint_off_grid]: Symbol pin or wire end off connection grid
    ; warning
    @(6525 mils, 1300 mils): Vertical Wire, length 400 mils
[endpoint_off_grid]: Symbol pin or wire end off connection grid
    ; warning
    @(6050 mils, 1300 mils): Horizontal Wire, length 475 mils
[endpoint_off_grid]: Symbol pin or wire end off connection grid
    ; warning
    @(6800 mils, 2325 mils): Symbol TP2 Pin 1 [1, Passive, Line]
[endpoint_off_grid]: Symbol pin or wire end off connection grid
    ; warning
    @(6825 mils, 1225 mils): Symbol C3 Pin 1 [Passive, Line]
[endpoint_off_grid]: Symbol pin or wire end off connection grid
    ; warning
    @(7025 mils, 1350 mils): Symbol C4 Pin 1 [Passive, Line]
[endpoint_off_grid]: Symbol pin or wire end off connection grid
    ; warning
    @(7150 mils, 1350 mils): Horizontal Wire, length 125 mils
[endpoint_off_grid]: Symbol pin or wire end off connection grid
    ; warning
    @(7025 mils, 1650 mils): Horizontal Wire, length 125 mils
[endpoint_off_grid]: Symbol pin or wire end off connection grid
    ; warning
    @(7150 mils, 1425 mils): Vertical Wire, length 75 mils
[endpoint_off_grid]: Symbol pin or wire end off connection grid
    ; warning
    @(7150 mils, 1525 mils): Horizontal Wire, length 275 mils
[endpoint_off_grid]: Symbol pin or wire end off connection grid
    ; warning
    @(7150 mils, 1650 mils): Vertical Wire, length 125 mils
[endpoint_off_grid]: Symbol pin or wire end off connection grid
    ; warning
    @(7175 mils, 1625 mils): Vertical Wire, length 75 mils
[endpoint_off_grid]: Symbol pin or wire end off connection grid
    ; warning
    @(7175 mils, 1700 mils): Horizontal Wire, length 650 mils
[endpoint_off_grid]: Symbol pin or wire end off connection grid
    ; warning
    @(7200 mils, 1225 mils): Horizontal Wire, length 375 mils
[endpoint_off_grid]: Symbol pin or wire end off connection grid
    ; warning
    @(7200 mils, 1325 mils): Vertical Wire, length 100 mils
[endpoint_off_grid]: Symbol pin or wire end off connection grid
    ; warning
    @(7225 mils, 1725 mils): Vertical Wire, length 300 mils
[endpoint_off_grid]: Symbol pin or wire end off connection grid
    ; warning
    @(7225 mils, 2025 mils): Horizontal Wire, length 200 mils
[endpoint_off_grid]: Symbol pin or wire end off connection grid
    ; warning
    @(7425 mils, 1325 mils): Horizontal Wire, length 225 mils
[endpoint_off_grid]: Symbol pin or wire end off connection grid
    ; warning
    @(7425 mils, 1425 mils): Horizontal Wire, length 275 mils
[endpoint_off_grid]: Symbol pin or wire end off connection grid
    ; warning
    @(7425 mils, 1625 mils): Horizontal Wire, length 250 mils
[endpoint_off_grid]: Symbol pin or wire end off connection grid
    ; warning
    @(7425 mils, 1725 mils): Symbol DS1 Pin 6 [VSS, Passive, Line]
[endpoint_off_grid]: Symbol pin or wire end off connection grid
    ; warning
    @(7425 mils, 1725 mils): Horizontal Wire, length 200 mils
[endpoint_off_grid]: Symbol pin or wire end off connection grid
    ; warning
    @(7425 mils, 1825 mils): Horizontal Wire, length 1625 mils
[endpoint_off_grid]: Symbol pin or wire end off connection grid
    ; warning
    @(7550 mils, 3625 mils): Horizontal Wire, length 200 mils
[endpoint_off_grid]: Symbol pin or wire end off connection grid
    ; warning
    @(7550 mils, 3850 mils): Horizontal Wire, length 225 mils
[endpoint_off_grid]: Symbol pin or wire end off connection grid
    ; warning
    @(8925 mils, 3400 mils): Horizontal Wire, length 100 mils
[endpoint_off_grid]: Symbol pin or wire end off connection grid
    ; warning
    @(8925 mils, 3550 mils): Horizontal Wire, length 100 mils
[endpoint_off_grid]: Symbol pin or wire end off connection grid
    ; warning
    @(8925 mils, 3675 mils): Horizontal Wire, length 100 mils
[endpoint_off_grid]: Symbol pin or wire end off connection grid
    ; warning
    @(8925 mils, 3800 mils): Horizontal Wire, length 100 mils
[endpoint_off_grid]: Symbol pin or wire end off connection grid
    ; warning
    @(1400 mils, 1475 mils): Vertical Wire, length 175 mils
[endpoint_off_grid]: Symbol pin or wire end off connection grid
    ; warning
    @(1400 mils, 1475 mils): Symbol AE1 Pin 1 [A, Input, Line]
[endpoint_off_grid]: Symbol pin or wire end off connection grid
    ; warning
    @(1975 mils, 1300 mils): Horizontal Wire, length 575 mils
[endpoint_off_grid]: Symbol pin or wire end off connection grid
    ; warning
    @(1975 mils, 1300 mils): Symbol R17 Pin 1 [Passive, Line]
[endpoint_off_grid]: Symbol pin or wire end off connection grid
    ; warning
    @(1975 mils, 1600 mils): Vertical Wire, length 50 mils
[endpoint_off_grid]: Symbol pin or wire end off connection grid
    ; warning
    @(1850 mils, 1650 mils): Horizontal Wire, length 125 mils
[endpoint_off_grid]: Symbol pin or wire end off connection grid
    ; warning
    @(1975 mils, 1650 mils): Horizontal Wire, length 275 mils
[endpoint_off_grid]: Symbol pin or wire end off connection grid
    ; warning
    @(1975 mils, 1650 mils): Vertical Wire, length 225 mils
[endpoint_off_grid]: Symbol pin or wire end off connection grid
    ; warning
    @(1975 mils, 1875 mils): Symbol R16 Pin 1 [Passive, Line]
[endpoint_off_grid]: Symbol pin or wire end off connection grid
    ; warning
    @(1975 mils, 2175 mils): Horizontal Wire, length 575 mils
[endpoint_off_grid]: Symbol pin or wire end off connection grid
    ; warning
    @(2550 mils, 1325 mils): Horizontal Wire, length 225 mils
[endpoint_off_grid]: Symbol pin or wire end off connection grid
    ; warning
    @(2550 mils, 1400 mils): Vertical Wire, length 75 mils
[endpoint_off_grid]: Symbol pin or wire end off connection grid
    ; warning
    @(2550 mils, 1300 mils): Vertical Wire, length 25 mils
[endpoint_off_grid]: Symbol pin or wire end off connection grid
    ; warning
    @(2550 mils, 1875 mils): Horizontal Wire, length 375 mils
[endpoint_off_grid]: Symbol pin or wire end off connection grid
    ; warning
    @(2550 mils, 1850 mils): Vertical Wire, length 25 mils
[endpoint_off_grid]: Symbol pin or wire end off connection grid
    ; warning
    @(2550 mils, 1875 mils): Symbol R18 Pin 1 [Passive, Line]
[endpoint_off_grid]: Symbol pin or wire end off connection grid
    ; warning
    @(2550 mils, 2175 mils): Symbol #PWR017 Pin 1 [Power input, Line]
[endpoint_off_grid]: Symbol pin or wire end off connection grid
    ; warning
    @(2550 mils, 2175 mils): Horizontal Wire, length 375 mils
[endpoint_off_grid]: Symbol pin or wire end off connection grid
    ; warning
    @(2925 mils, 1875 mils): Symbol C15 Pin 1 [Passive, Line]
[endpoint_off_grid]: Symbol pin or wire end off connection grid
    ; warning
    @(3075 mils, 1325 mils): Symbol L2 Pin 2 [2, Passive, Line]
[endpoint_off_grid]: Symbol pin or wire end off connection grid
    ; warning
    @(2550 mils, 1400 mils): Horizontal Wire, length 525 mils
[endpoint_off_grid]: Symbol pin or wire end off connection grid
    ; warning
    @(3200 mils, 1325 mils): Horizontal Wire, length 125 mils
[endpoint_off_grid]: Symbol pin or wire end off connection grid
    ; warning
    @(3200 mils, 1200 mils): Vertical Wire, length 125 mils
[endpoint_off_grid]: Symbol pin or wire end off connection grid
    ; warning
    @(4925 mils, 2125 mils): Horizontal Wire, length 350 mils
[endpoint_off_grid]: Symbol pin or wire end off connection grid
    ; warning
    @(4925 mils, 2125 mils): Symbol D4 Pin 1 [K, Passive, Line]
[endpoint_off_grid]: Symbol pin or wire end off connection grid
    ; warning
    @(5275 mils, 1950 mils): Symbol #PWR019 Pin 1 [Power input, Line]
[endpoint_off_grid]: Symbol pin or wire end off connection grid
    ; warning
    @(5275 mils, 1950 mils): Vertical Wire, length 175 mils
[endpoint_off_grid]: Symbol pin or wire end off connection grid
    ; warning
    @(7750 mils, 1600 mils): Horizontal Wire, length 775 mils
[endpoint_off_grid]: Symbol pin or wire end off connection grid
    ; warning
    @(6975 mils, 1600 mils): Vertical Wire, length 700 mils
[endpoint_off_grid]: Symbol pin or wire end off connection grid
    ; warning
    @(6975 mils, 2300 mils): Horizontal Wire, length 600 mils
[endpoint_off_grid]: Symbol pin or wire end off connection grid
    ; warning
    @(6975 mils, 2300 mils): Symbol #PWR014 Pin 1 [Power input, Line]
[endpoint_off_grid]: Symbol pin or wire end off connection grid
    ; warning
    @(7150 mils, 1900 mils): Horizontal Wire, length 225 mils
[endpoint_off_grid]: Symbol pin or wire end off connection grid
    ; warning
    @(7375 mils, 1900 mils): Symbol R15 Pin 1 [Passive, Line]
[endpoint_off_grid]: Symbol pin or wire end off connection grid
    ; warning
    @(7575 mils, 2300 mils): Horizontal Wire, length 300 mils
[endpoint_off_grid]: Symbol pin or wire end off connection grid
    ; warning
    @(7575 mils, 2300 mils): Vertical Wire, length 325 mils
[endpoint_off_grid]: Symbol pin or wire end off connection grid
    ; warning
    @(7575 mils, 2625 mils): Vertical Wire, length 225 mils
[endpoint_off_grid]: Symbol pin or wire end off connection grid
    ; warning
    @(7675 mils, 1900 mils): Horizontal Wire, length 200 mils
[endpoint_off_grid]: Symbol pin or wire end off connection grid
    ; warning
    @(7875 mils, 1600 mils): Horizontal Wire, length 125 mils
[endpoint_off_grid]: Symbol pin or wire end off connection grid
    ; warning
    @(7875 mils, 1700 mils): Horizontal Wire, length 125 mils
[endpoint_off_grid]: Symbol pin or wire end off connection grid
    ; warning
    @(7875 mils, 2200 mils): Horizontal Wire, length 425 mils
[endpoint_off_grid]: Symbol pin or wire end off connection grid
    ; warning
    @(7875 mils, 2400 mils): Vertical Wire, length 225 mils
[endpoint_off_grid]: Symbol pin or wire end off connection grid
    ; warning
    @(7875 mils, 2400 mils): Symbol #FLG02 Pin 1 [Power output, Line]
[endpoint_off_grid]: Symbol pin or wire end off connection grid
    ; warning
    @(7875 mils, 2625 mils): Vertical Wire, length 225 mils
[endpoint_off_grid]: Symbol pin or wire end off connection grid
    ; warning
    @(7875 mils, 2625 mils): Symbol C11 Pin 2 [Passive, Line]
[endpoint_off_grid]: Symbol pin or wire end off connection grid
    ; warning
    @(7875 mils, 2850 mils): Symbol C12 Pin 1 [Passive, Line]
[endpoint_off_grid]: Symbol pin or wire end off connection grid
    ; warning
    @(9325 mils, 1700 mils): Horizontal Wire, length 275 mils
[endpoint_off_grid]: Symbol pin or wire end off connection grid
    ; warning
    @(9900 mils, 1800 mils): Horizontal Wire, length 575 mils
[endpoint_off_grid]: Symbol pin or wire end off connection grid
    ; warning
    @(9325 mils, 1900 mils): Horizontal Wire, length 575 mils
[endpoint_off_grid]: Symbol pin or wire end off connection grid
    ; warning
    @(9325 mils, 2050 mils): Vertical Wire, length 50 mils
[endpoint_off_grid]: Symbol pin or wire end off connection grid
    ; warning
    @(9750 mils, 2050 mils): Horizontal Wire, length 425 mils
[endpoint_off_grid]: Symbol pin or wire end off connection grid
    ; warning
    @(9325 mils, 2100 mils): Symbol U3 Pin 15 [RVO, Output, Line]
[endpoint_off_grid]: Symbol pin or wire end off connection grid
    ; warning
    @(9325 mils, 2100 mils): Horizontal Wire, length 425 mils
[endpoint_off_grid]: Symbol pin or wire end off connection grid
    ; warning
    @(9325 mils, 2200 mils): Horizontal Wire, length 350 mils
[endpoint_off_grid]: Symbol pin or wire end off connection grid
    ; warning
    @(9325 mils, 2400 mils): Horizontal Wire, length 125 mils
[endpoint_off_grid]: Symbol pin or wire end off connection grid
    ; warning
    @(9450 mils, 2400 mils): Vertical Wire, length 75 mils
[endpoint_off_grid]: Symbol pin or wire end off connection grid
    ; warning
    @(9450 mils, 2475 mils): Symbol #PWR013 Pin 1 [Power input, Line]
[endpoint_off_grid]: Symbol pin or wire end off connection grid
    ; warning
    @(9675 mils, 2200 mils): Vertical Wire, length 475 mils
[endpoint_off_grid]: Symbol pin or wire end off connection grid
    ; warning
    @(9675 mils, 2675 mils): Horizontal Wire, length 200 mils
[endpoint_off_grid]: Symbol pin or wire end off connection grid
    ; warning
    @(9750 mils, 2100 mils): Vertical Wire, length 125 mils
[endpoint_off_grid]: Symbol pin or wire end off connection grid
    ; warning
    @(9750 mils, 2225 mils): Horizontal Wire, length 150 mils
[endpoint_off_grid]: Symbol pin or wire end off connection grid
    ; warning
    @(9875 mils, 2775 mils): Symbol LS1 Pin 2 [2, Input, Line]
[endpoint_off_grid]: Symbol pin or wire end off connection grid
    ; warning
    @(9875 mils, 3100 mils): Vertical Wire, length 325 mils
[endpoint_off_grid]: Symbol pin or wire end off connection grid
    ; warning
    @(7450 mils, 3100 mils): Horizontal Wire, length 2425 mils
[endpoint_off_grid]: Symbol pin or wire end off connection grid
    ; warning
    @(9900 mils, 2225 mils): Vertical Wire, length 25 mils
[endpoint_off_grid]: Symbol pin or wire end off connection grid
    ; warning
    @(1550 mils, 1350 mils): Horizontal Wire, length 25 mils
[endpoint_off_grid]: Symbol pin or wire end off connection grid
    ; warning
    @(1625 mils, 3725 mils): Horizontal Wire, length 225 mils
[endpoint_off_grid]: Symbol pin or wire end off connection grid
    ; warning
    @(1625 mils, 3825 mils): Horizontal Wire, length 100 mils
[endpoint_off_grid]: Symbol pin or wire end off connection grid
    ; warning
    @(1625 mils, 3925 mils): Horizontal Wire, length 525 mils
[endpoint_off_grid]: Symbol pin or wire end off connection grid
    ; warning
    @(1625 mils, 3925 mils): Symbol SW1 Pin B [B, Passive, Line]
[endpoint_off_grid]: Symbol pin or wire end off connection grid
    ; warning
    @(1700 mils, 6875 mils): Symbol SW3 Pin 1 [1, Passive, Line]
[endpoint_off_grid]: Symbol pin or wire end off connection grid
    ; warning
    @(1700 mils, 6875 mils): Symbol #PWR012 Pin 1 [Power input, Line]
[endpoint_off_grid]: Symbol pin or wire end off connection grid
    ; warning
    @(1700 mils, 6250 mils): Vertical Wire, length 625 mils
[endpoint_off_grid]: Symbol pin or wire end off connection grid
    ; warning
    @(1725 mils, 3825 mils): Vertical Wire, length 425 mils
[endpoint_off_grid]: Symbol pin or wire end off connection grid
    ; warning
    @(1725 mils, 4250 mils): Horizontal Wire, length 100 mils
[endpoint_off_grid]: Symbol pin or wire end off connection grid
    ; warning
    @(1725 mils, 4250 mils): Vertical Wire, length 425 mils
[endpoint_off_grid]: Symbol pin or wire end off connection grid
    ; warning
    @(1725 mils, 4675 mils): Horizontal Wire, length 100 mils
[endpoint_off_grid]: Symbol pin or wire end off connection grid
    ; warning
    @(1725 mils, 4675 mils): Symbol #PWR011 Pin 1 [Power input, Line]
[endpoint_off_grid]: Symbol pin or wire end off connection grid
    ; warning
    @(1850 mils, 3075 mils): Symbol #PWR010 Pin 1 [Power input, Line]
[endpoint_off_grid]: Symbol pin or wire end off connection grid
    ; warning
    @(1850 mils, 3075 mils): Vertical Wire, length 200 mils
[endpoint_off_grid]: Symbol pin or wire end off connection grid
    ; warning
    @(1850 mils, 3275 mils): Horizontal Wire, length 300 mils
[endpoint_off_grid]: Symbol pin or wire end off connection grid
    ; warning
    @(1850 mils, 3275 mils): Symbol R10 Pin 1 [Passive, Line]
[endpoint_off_grid]: Symbol pin or wire end off connection grid
    ; warning
    @(1850 mils, 3575 mils): Vertical Wire, length 150 mils
[endpoint_off_grid]: Symbol pin or wire end off connection grid
    ; warning
    @(1875 mils, 1650 mils): Symbol U2 Pin 1 [ADJ, Input, Line]
[endpoint_off_grid]: Symbol pin or wire end off connection grid
    ; warning
    @(1300 mils, 1650 mils): Horizontal Wire, length 575 mils
[endpoint_off_grid]: Symbol pin or wire end off connection grid
    ; warning
    @(1875 mils, 1650 mils): Symbol #PWR09 Pin 1 [Power input, Line]
[endpoint_off_grid]: Symbol pin or wire end off connection grid
    ; warning
    @(1875 mils, 1650 mils): Horizontal Wire, length 425 mils
[endpoint_off_grid]: Symbol pin or wire end off connection grid
    ; warning
    @(2125 mils, 4250 mils): Symbol C8 Pin 1 [Passive, Line]
[endpoint_off_grid]: Symbol pin or wire end off connection grid
    ; warning
    @(2125 mils, 4675 mils): Symbol C9 Pin 1 [Passive, Line]
[endpoint_off_grid]: Symbol pin or wire end off connection grid
    ; warning
    @(2150 mils, 3275 mils): Symbol R11 Pin 1 [Passive, Line]
[endpoint_off_grid]: Symbol pin or wire end off connection grid
    ; warning
    @(2150 mils, 3575 mils): Vertical Wire, length 350 mils
[endpoint_off_grid]: Symbol pin or wire end off connection grid
    ; warning
    @(2150 mils, 3925 mils): Horizontal Wire, length 225 mils
[endpoint_off_grid]: Symbol pin or wire end off connection grid
    ; warning
    @(2175 mils, 1350 mils): Horizontal Wire, length 125 mils
[endpoint_off_grid]: Symbol pin or wire end off connection grid
    ; warning
    @(2375 mils, 3725 mils): Symbol R12 Pin 1 [Passive, Line]
[endpoint_off_grid]: Symbol pin or wire end off connection grid
    ; warning
    @(2375 mils, 3725 mils): Horizontal Wire, length 525 mils
[endpoint_off_grid]: Symbol pin or wire end off connection grid
    ; warning
    @(2375 mils, 3925 mils): Vertical Wire, length 175 mils
[endpoint_off_grid]: Symbol pin or wire end off connection grid
    ; warning
    @(2375 mils, 4100 mils): Symbol R13 Pin 1 [Passive, Line]
[endpoint_off_grid]: Symbol pin or wire end off connection grid
    ; warning
    @(2675 mils, 3725 mils): Horizontal Wire, length 100 mils
[endpoint_off_grid]: Symbol pin or wire end off connection grid
    ; warning
    @(2675 mils, 4100 mils): Vertical Wire, length 250 mils
[endpoint_off_grid]: Symbol pin or wire end off connection grid
    ; warning
    @(2675 mils, 4350 mils): Horizontal Wire, length 225 mils
[endpoint_off_grid]: Symbol pin or wire end off connection grid
    ; warning
    @(2675 mils, 4350 mils): Vertical Wire, length 325 mils
[endpoint_off_grid]: Symbol pin or wire end off connection grid
    ; warning
    @(2675 mils, 4675 mils): Horizontal Wire, length 550 mils
[endpoint_off_grid]: Symbol pin or wire end off connection grid
    ; warning
    @(2775 mils, 3725 mils): Horizontal Wire, length 125 mils
[endpoint_off_grid]: Symbol pin or wire end off connection grid
    ; warning
    @(2775 mils, 3725 mils): Vertical Wire, length 525 mils
[endpoint_off_grid]: Symbol pin or wire end off connection grid
    ; warning
    @(2775 mils, 4250 mils): Horizontal Wire, length 650 mils

***** Sheet /Power_and_UI/

***** Sheet /RF_and_Audio/

 ** ERC messages: 194  Errors 0  Warnings 194

 ** Ignored checks:
    - Global label only appears once in the schematic
    - Four connection points are joined together
    - SPICE model issue
    - Assigned footprint doesn't match footprint filters
